---
source: src/modules/users/tests/user.rs
expression: users
---
[
  {
    "id": "5232de05-4495-4fec-a45f-18bbef3f8ec3",
    "firstname": "toto",
    "lastname": "tutu",
    "mail": "tutu@ds.net",
    "tel": "0343239320",
    "blocked_at": null,
    "blocked_by": null,
    "created_at": "[date]",
    "updated_at": "[date]"
  },
  {
    "id": "888607ea-887f-415a-89cd-20df3153e009",
    "firstname": "aiai",
    "lastname": "yuyu",
    "mail": "aiai@ds.net",
    "tel": "0663903521",
    "blocked_at": null,
    "blocked_by": null,
    "created_at": "[date]",
    "updated_at": "[date]"
  },
  {
    "id": "f339cf72-47c5-48f8-9ad1-ff1d93f6c2e6",
    "firstname": "yuyu",
    "lastname": "yiyi",
    "mail": "gallon@ponay.fr",
    "tel": "0343239320",
    "blocked_at": null,
    "blocked_by": null,
    "created_at": "[date]",
    "updated_at": "[date]"
  },
  {
    "id": "f633eb82-ff98-4e93-9264-a27c1bb54c87",
    "firstname": "titi",
    "lastname": "tata",
    "mail": "tata@ponay.fr",
    "tel": "0343239320",
    "blocked_at": null,
    "blocked_by": null,
    "created_at": "[date]",
    "updated_at": "[date]"
  }
]
